// Jest Snapshot v1, https://goo.gl/fbAQLP

exports[`<Logo /> shoud be render correctly by snapshot 1`] = `
<body
  class="chakra-ui-light"
>
  <div
    id="chakra-toast-portal"
  >
    <ul
      id="chakra-toast-manager-top"
      style="position: fixed; z-index: 5500; pointer-events: none; display: flex; flex-direction: column; margin: 0px auto;"
    />
    <ul
      id="chakra-toast-manager-top-left"
      style="position: fixed; z-index: 5500; pointer-events: none; display: flex; flex-direction: column;"
    />
    <ul
      id="chakra-toast-manager-top-right"
      style="position: fixed; z-index: 5500; pointer-events: none; display: flex; flex-direction: column;"
    />
    <ul
      id="chakra-toast-manager-bottom-left"
      style="position: fixed; z-index: 5500; pointer-events: none; display: flex; flex-direction: column;"
    />
    <ul
      id="chakra-toast-manager-bottom"
      style="position: fixed; z-index: 5500; pointer-events: none; display: flex; flex-direction: column; margin: 0px auto;"
    />
    <ul
      id="chakra-toast-manager-bottom-right"
      style="position: fixed; z-index: 5500; pointer-events: none; display: flex; flex-direction: column;"
    />
  </div>
  <div>
    <p
      class="chakra-text css-1y2sdv1"
    >
      dashgo
      <span
        class="chakra-text css-134oou0"
      >
        .
      </span>
    </p>
  </div>
</body>
`
